[WARNING] 01/Apr/2026 22:57:11 - Not Found: /.well-known/appspecific/com.chrome.devtools.json
[ERROR] 02/Apr/2026 05:23:33 - Internal Server Error: /scan/create/7
Traceback (most recent call last):
  File "/usr/local/lib/python3.10/site-packages/django/core/handlers/exception.py", line 56, in inner
    response = get_response(request)
  File "/usr/local/lib/python3.10/site-packages/django/core/handlers/base.py", line 197, in _get_response
    response = wrapped_callback(request, *callback_args, **callback_kwargs)
  File "/usr/local/lib/python3.10/contextlib.py", line 79, in inner
    return func(*args, **kwds)
  File "/usr/local/lib/python3.10/site-packages/django/contrib/auth/decorators.py", line 23, in _wrapped_view
    return view_func(request, *args, **kwargs)
  File "/app/./app/views.py", line 181, in create_scan
    scan.save()
  File "/usr/local/lib/python3.10/site-packages/django/db/models/base.py", line 812, in save
    self.save_base(
  File "/usr/local/lib/python3.10/site-packages/django/db/models/base.py", line 863, in save_base
    updated = self._save_table(
  File "/usr/local/lib/python3.10/site-packages/django/db/models/base.py", line 1006, in _save_table
    results = self._do_insert(
  File "/usr/local/lib/python3.10/site-packages/django/db/models/base.py", line 1047, in _do_insert
    return manager._insert(
  File "/usr/local/lib/python3.10/site-packages/django/db/models/manager.py", line 85, in manager_method
    return getattr(self.get_queryset(), name)(*args, **kwargs)
  File "/usr/local/lib/python3.10/site-packages/django/db/models/query.py", line 1791, in _insert
    return query.get_compiler(using=using).execute_sql(returning_fields)
  File "/usr/local/lib/python3.10/site-packages/django/db/models/sql/compiler.py", line 1659, in execute_sql
    for sql, params in self.as_sql():
  File "/usr/local/lib/python3.10/site-packages/django/db/models/sql/compiler.py", line 1583, in as_sql
    value_rows = [
  File "/usr/local/lib/python3.10/site-packages/django/db/models/sql/compiler.py", line 1584, in <listcomp>
    [
  File "/usr/local/lib/python3.10/site-packages/django/db/models/sql/compiler.py", line 1585, in <listcomp>
    self.prepare_value(field, self.pre_save_val(field, obj))
  File "/usr/local/lib/python3.10/site-packages/django/db/models/sql/compiler.py", line 1533, in pre_save_val
    return field.pre_save(obj, add=True)
  File "/usr/local/lib/python3.10/site-packages/django/db/models/fields/files.py", line 315, in pre_save
    file.save(file.name, file.file, save=False)
  File "/usr/local/lib/python3.10/site-packages/django/db/models/fields/files.py", line 92, in save
    self.name = self.storage.save(name, content, max_length=self.field.max_length)
  File "/usr/local/lib/python3.10/site-packages/django/core/files/storage.py", line 56, in save
    name = self._save(name, content)
  File "/usr/local/lib/python3.10/site-packages/django/core/files/storage.py", line 309, in _save
    file_move_safe(content.temporary_file_path(), full_path)
  File "/usr/local/lib/python3.10/site-packages/django/core/files/move.py", line 44, in file_move_safe
    if _samefile(old_file_name, new_file_name):
  File "/usr/local/lib/python3.10/site-packages/django/core/files/move.py", line 21, in _samefile
    return os.path.samefile(src, dst)
  File "/usr/local/lib/python3.10/genericpath.py", line 101, in samefile
    s2 = os.stat(f2)
UnicodeEncodeError: 'ascii' codec can't encode character '\xf3' in position 23: ordinal not in range(128)
[WARNING] 02/Apr/2026 05:23:33 - Not Found: /favicon.ico
[ERROR] 02/Apr/2026 05:23:39 - Internal Server Error: /scan/create/7
Traceback (most recent call last):
  File "/usr/local/lib/python3.10/site-packages/django/core/handlers/exception.py", line 56, in inner
    response = get_response(request)
  File "/usr/local/lib/python3.10/site-packages/django/core/handlers/base.py", line 197, in _get_response
    response = wrapped_callback(request, *callback_args, **callback_kwargs)
  File "/usr/local/lib/python3.10/contextlib.py", line 79, in inner
    return func(*args, **kwds)
  File "/usr/local/lib/python3.10/site-packages/django/contrib/auth/decorators.py", line 23, in _wrapped_view
    return view_func(request, *args, **kwargs)
  File "/app/./app/views.py", line 181, in create_scan
    scan.save()
  File "/usr/local/lib/python3.10/site-packages/django/db/models/base.py", line 812, in save
    self.save_base(
  File "/usr/local/lib/python3.10/site-packages/django/db/models/base.py", line 863, in save_base
    updated = self._save_table(
  File "/usr/local/lib/python3.10/site-packages/django/db/models/base.py", line 1006, in _save_table
    results = self._do_insert(
  File "/usr/local/lib/python3.10/site-packages/django/db/models/base.py", line 1047, in _do_insert
    return manager._insert(
  File "/usr/local/lib/python3.10/site-packages/django/db/models/manager.py", line 85, in manager_method
    return getattr(self.get_queryset(), name)(*args, **kwargs)
  File "/usr/local/lib/python3.10/site-packages/django/db/models/query.py", line 1791, in _insert
    return query.get_compiler(using=using).execute_sql(returning_fields)
  File "/usr/local/lib/python3.10/site-packages/django/db/models/sql/compiler.py", line 1659, in execute_sql
    for sql, params in self.as_sql():
  File "/usr/local/lib/python3.10/site-packages/django/db/models/sql/compiler.py", line 1583, in as_sql
    value_rows = [
  File "/usr/local/lib/python3.10/site-packages/django/db/models/sql/compiler.py", line 1584, in <listcomp>
    [
  File "/usr/local/lib/python3.10/site-packages/django/db/models/sql/compiler.py", line 1585, in <listcomp>
    self.prepare_value(field, self.pre_save_val(field, obj))
  File "/usr/local/lib/python3.10/site-packages/django/db/models/sql/compiler.py", line 1533, in pre_save_val
    return field.pre_save(obj, add=True)
  File "/usr/local/lib/python3.10/site-packages/django/db/models/fields/files.py", line 315, in pre_save
    file.save(file.name, file.file, save=False)
  File "/usr/local/lib/python3.10/site-packages/django/db/models/fields/files.py", line 92, in save
    self.name = self.storage.save(name, content, max_length=self.field.max_length)
  File "/usr/local/lib/python3.10/site-packages/django/core/files/storage.py", line 56, in save
    name = self._save(name, content)
  File "/usr/local/lib/python3.10/site-packages/django/core/files/storage.py", line 309, in _save
    file_move_safe(content.temporary_file_path(), full_path)
  File "/usr/local/lib/python3.10/site-packages/django/core/files/move.py", line 44, in file_move_safe
    if _samefile(old_file_name, new_file_name):
  File "/usr/local/lib/python3.10/site-packages/django/core/files/move.py", line 21, in _samefile
    return os.path.samefile(src, dst)
  File "/usr/local/lib/python3.10/genericpath.py", line 101, in samefile
    s2 = os.stat(f2)
UnicodeEncodeError: 'ascii' codec can't encode character '\xf3' in position 23: ordinal not in range(128)
[ERROR] 02/Apr/2026 05:23:50 - Internal Server Error: /scan/create/7
Traceback (most recent call last):
  File "/usr/local/lib/python3.10/site-packages/django/core/handlers/exception.py", line 56, in inner
    response = get_response(request)
  File "/usr/local/lib/python3.10/site-packages/django/core/handlers/base.py", line 197, in _get_response
    response = wrapped_callback(request, *callback_args, **callback_kwargs)
  File "/usr/local/lib/python3.10/contextlib.py", line 79, in inner
    return func(*args, **kwds)
  File "/usr/local/lib/python3.10/site-packages/django/contrib/auth/decorators.py", line 23, in _wrapped_view
    return view_func(request, *args, **kwargs)
  File "/app/./app/views.py", line 181, in create_scan
    scan.save()
  File "/usr/local/lib/python3.10/site-packages/django/db/models/base.py", line 812, in save
    self.save_base(
  File "/usr/local/lib/python3.10/site-packages/django/db/models/base.py", line 863, in save_base
    updated = self._save_table(
  File "/usr/local/lib/python3.10/site-packages/django/db/models/base.py", line 1006, in _save_table
    results = self._do_insert(
  File "/usr/local/lib/python3.10/site-packages/django/db/models/base.py", line 1047, in _do_insert
    return manager._insert(
  File "/usr/local/lib/python3.10/site-packages/django/db/models/manager.py", line 85, in manager_method
    return getattr(self.get_queryset(), name)(*args, **kwargs)
  File "/usr/local/lib/python3.10/site-packages/django/db/models/query.py", line 1791, in _insert
    return query.get_compiler(using=using).execute_sql(returning_fields)
  File "/usr/local/lib/python3.10/site-packages/django/db/models/sql/compiler.py", line 1659, in execute_sql
    for sql, params in self.as_sql():
  File "/usr/local/lib/python3.10/site-packages/django/db/models/sql/compiler.py", line 1583, in as_sql
    value_rows = [
  File "/usr/local/lib/python3.10/site-packages/django/db/models/sql/compiler.py", line 1584, in <listcomp>
    [
  File "/usr/local/lib/python3.10/site-packages/django/db/models/sql/compiler.py", line 1585, in <listcomp>
    self.prepare_value(field, self.pre_save_val(field, obj))
  File "/usr/local/lib/python3.10/site-packages/django/db/models/sql/compiler.py", line 1533, in pre_save_val
    return field.pre_save(obj, add=True)
  File "/usr/local/lib/python3.10/site-packages/django/db/models/fields/files.py", line 315, in pre_save
    file.save(file.name, file.file, save=False)
  File "/usr/local/lib/python3.10/site-packages/django/db/models/fields/files.py", line 92, in save
    self.name = self.storage.save(name, content, max_length=self.field.max_length)
  File "/usr/local/lib/python3.10/site-packages/django/core/files/storage.py", line 56, in save
    name = self._save(name, content)
  File "/usr/local/lib/python3.10/site-packages/django/core/files/storage.py", line 309, in _save
    file_move_safe(content.temporary_file_path(), full_path)
  File "/usr/local/lib/python3.10/site-packages/django/core/files/move.py", line 44, in file_move_safe
    if _samefile(old_file_name, new_file_name):
  File "/usr/local/lib/python3.10/site-packages/django/core/files/move.py", line 21, in _samefile
    return os.path.samefile(src, dst)
  File "/usr/local/lib/python3.10/genericpath.py", line 101, in samefile
    s2 = os.stat(f2)
UnicodeEncodeError: 'ascii' codec can't encode character '\xf3' in position 23: ordinal not in range(128)
[ERROR] 02/Apr/2026 05:23:53 - Internal Server Error: /scan/create/7
Traceback (most recent call last):
  File "/usr/local/lib/python3.10/site-packages/django/core/handlers/exception.py", line 56, in inner
    response = get_response(request)
  File "/usr/local/lib/python3.10/site-packages/django/core/handlers/base.py", line 197, in _get_response
    response = wrapped_callback(request, *callback_args, **callback_kwargs)
  File "/usr/local/lib/python3.10/contextlib.py", line 79, in inner
    return func(*args, **kwds)
  File "/usr/local/lib/python3.10/site-packages/django/contrib/auth/decorators.py", line 23, in _wrapped_view
    return view_func(request, *args, **kwargs)
  File "/app/./app/views.py", line 181, in create_scan
    scan.save()
  File "/usr/local/lib/python3.10/site-packages/django/db/models/base.py", line 812, in save
    self.save_base(
  File "/usr/local/lib/python3.10/site-packages/django/db/models/base.py", line 863, in save_base
    updated = self._save_table(
  File "/usr/local/lib/python3.10/site-packages/django/db/models/base.py", line 1006, in _save_table
    results = self._do_insert(
  File "/usr/local/lib/python3.10/site-packages/django/db/models/base.py", line 1047, in _do_insert
    return manager._insert(
  File "/usr/local/lib/python3.10/site-packages/django/db/models/manager.py", line 85, in manager_method
    return getattr(self.get_queryset(), name)(*args, **kwargs)
  File "/usr/local/lib/python3.10/site-packages/django/db/models/query.py", line 1791, in _insert
    return query.get_compiler(using=using).execute_sql(returning_fields)
  File "/usr/local/lib/python3.10/site-packages/django/db/models/sql/compiler.py", line 1659, in execute_sql
    for sql, params in self.as_sql():
  File "/usr/local/lib/python3.10/site-packages/django/db/models/sql/compiler.py", line 1583, in as_sql
    value_rows = [
  File "/usr/local/lib/python3.10/site-packages/django/db/models/sql/compiler.py", line 1584, in <listcomp>
    [
  File "/usr/local/lib/python3.10/site-packages/django/db/models/sql/compiler.py", line 1585, in <listcomp>
    self.prepare_value(field, self.pre_save_val(field, obj))
  File "/usr/local/lib/python3.10/site-packages/django/db/models/sql/compiler.py", line 1533, in pre_save_val
    return field.pre_save(obj, add=True)
  File "/usr/local/lib/python3.10/site-packages/django/db/models/fields/files.py", line 315, in pre_save
    file.save(file.name, file.file, save=False)
  File "/usr/local/lib/python3.10/site-packages/django/db/models/fields/files.py", line 92, in save
    self.name = self.storage.save(name, content, max_length=self.field.max_length)
  File "/usr/local/lib/python3.10/site-packages/django/core/files/storage.py", line 56, in save
    name = self._save(name, content)
  File "/usr/local/lib/python3.10/site-packages/django/core/files/storage.py", line 309, in _save
    file_move_safe(content.temporary_file_path(), full_path)
  File "/usr/local/lib/python3.10/site-packages/django/core/files/move.py", line 44, in file_move_safe
    if _samefile(old_file_name, new_file_name):
  File "/usr/local/lib/python3.10/site-packages/django/core/files/move.py", line 21, in _samefile
    return os.path.samefile(src, dst)
  File "/usr/local/lib/python3.10/genericpath.py", line 101, in samefile
    s2 = os.stat(f2)
UnicodeEncodeError: 'ascii' codec can't encode character '\xf3' in position 23: ordinal not in range(128)
[ERROR] 02/Apr/2026 05:24:26 - Internal Server Error: /scan/create/7
Traceback (most recent call last):
  File "/usr/local/lib/python3.10/site-packages/django/core/handlers/exception.py", line 56, in inner
    response = get_response(request)
  File "/usr/local/lib/python3.10/site-packages/django/core/handlers/base.py", line 197, in _get_response
    response = wrapped_callback(request, *callback_args, **callback_kwargs)
  File "/usr/local/lib/python3.10/contextlib.py", line 79, in inner
    return func(*args, **kwds)
  File "/usr/local/lib/python3.10/site-packages/django/contrib/auth/decorators.py", line 23, in _wrapped_view
    return view_func(request, *args, **kwargs)
  File "/app/./app/views.py", line 181, in create_scan
    scan.save()
  File "/usr/local/lib/python3.10/site-packages/django/db/models/base.py", line 812, in save
    self.save_base(
  File "/usr/local/lib/python3.10/site-packages/django/db/models/base.py", line 863, in save_base
    updated = self._save_table(
  File "/usr/local/lib/python3.10/site-packages/django/db/models/base.py", line 1006, in _save_table
    results = self._do_insert(
  File "/usr/local/lib/python3.10/site-packages/django/db/models/base.py", line 1047, in _do_insert
    return manager._insert(
  File "/usr/local/lib/python3.10/site-packages/django/db/models/manager.py", line 85, in manager_method
    return getattr(self.get_queryset(), name)(*args, **kwargs)
  File "/usr/local/lib/python3.10/site-packages/django/db/models/query.py", line 1791, in _insert
    return query.get_compiler(using=using).execute_sql(returning_fields)
  File "/usr/local/lib/python3.10/site-packages/django/db/models/sql/compiler.py", line 1659, in execute_sql
    for sql, params in self.as_sql():
  File "/usr/local/lib/python3.10/site-packages/django/db/models/sql/compiler.py", line 1583, in as_sql
    value_rows = [
  File "/usr/local/lib/python3.10/site-packages/django/db/models/sql/compiler.py", line 1584, in <listcomp>
    [
  File "/usr/local/lib/python3.10/site-packages/django/db/models/sql/compiler.py", line 1585, in <listcomp>
    self.prepare_value(field, self.pre_save_val(field, obj))
  File "/usr/local/lib/python3.10/site-packages/django/db/models/sql/compiler.py", line 1533, in pre_save_val
    return field.pre_save(obj, add=True)
  File "/usr/local/lib/python3.10/site-packages/django/db/models/fields/files.py", line 315, in pre_save
    file.save(file.name, file.file, save=False)
  File "/usr/local/lib/python3.10/site-packages/django/db/models/fields/files.py", line 92, in save
    self.name = self.storage.save(name, content, max_length=self.field.max_length)
  File "/usr/local/lib/python3.10/site-packages/django/core/files/storage.py", line 56, in save
    name = self._save(name, content)
  File "/usr/local/lib/python3.10/site-packages/django/core/files/storage.py", line 309, in _save
    file_move_safe(content.temporary_file_path(), full_path)
  File "/usr/local/lib/python3.10/site-packages/django/core/files/move.py", line 44, in file_move_safe
    if _samefile(old_file_name, new_file_name):
  File "/usr/local/lib/python3.10/site-packages/django/core/files/move.py", line 21, in _samefile
    return os.path.samefile(src, dst)
  File "/usr/local/lib/python3.10/genericpath.py", line 101, in samefile
    s2 = os.stat(f2)
UnicodeEncodeError: 'ascii' codec can't encode character '\xf3' in position 23: ordinal not in range(128)
[ERROR] 02/Apr/2026 05:24:28 - Internal Server Error: /scan/create/7
Traceback (most recent call last):
  File "/usr/local/lib/python3.10/site-packages/django/core/handlers/exception.py", line 56, in inner
    response = get_response(request)
  File "/usr/local/lib/python3.10/site-packages/django/core/handlers/base.py", line 197, in _get_response
    response = wrapped_callback(request, *callback_args, **callback_kwargs)
  File "/usr/local/lib/python3.10/contextlib.py", line 79, in inner
    return func(*args, **kwds)
  File "/usr/local/lib/python3.10/site-packages/django/contrib/auth/decorators.py", line 23, in _wrapped_view
    return view_func(request, *args, **kwargs)
  File "/app/./app/views.py", line 181, in create_scan
    scan.save()
  File "/usr/local/lib/python3.10/site-packages/django/db/models/base.py", line 812, in save
    self.save_base(
  File "/usr/local/lib/python3.10/site-packages/django/db/models/base.py", line 863, in save_base
    updated = self._save_table(
  File "/usr/local/lib/python3.10/site-packages/django/db/models/base.py", line 1006, in _save_table
    results = self._do_insert(
  File "/usr/local/lib/python3.10/site-packages/django/db/models/base.py", line 1047, in _do_insert
    return manager._insert(
  File "/usr/local/lib/python3.10/site-packages/django/db/models/manager.py", line 85, in manager_method
    return getattr(self.get_queryset(), name)(*args, **kwargs)
  File "/usr/local/lib/python3.10/site-packages/django/db/models/query.py", line 1791, in _insert
    return query.get_compiler(using=using).execute_sql(returning_fields)
  File "/usr/local/lib/python3.10/site-packages/django/db/models/sql/compiler.py", line 1659, in execute_sql
    for sql, params in self.as_sql():
  File "/usr/local/lib/python3.10/site-packages/django/db/models/sql/compiler.py", line 1583, in as_sql
    value_rows = [
  File "/usr/local/lib/python3.10/site-packages/django/db/models/sql/compiler.py", line 1584, in <listcomp>
    [
  File "/usr/local/lib/python3.10/site-packages/django/db/models/sql/compiler.py", line 1585, in <listcomp>
    self.prepare_value(field, self.pre_save_val(field, obj))
  File "/usr/local/lib/python3.10/site-packages/django/db/models/sql/compiler.py", line 1533, in pre_save_val
    return field.pre_save(obj, add=True)
  File "/usr/local/lib/python3.10/site-packages/django/db/models/fields/files.py", line 315, in pre_save
    file.save(file.name, file.file, save=False)
  File "/usr/local/lib/python3.10/site-packages/django/db/models/fields/files.py", line 92, in save
    self.name = self.storage.save(name, content, max_length=self.field.max_length)
  File "/usr/local/lib/python3.10/site-packages/django/core/files/storage.py", line 56, in save
    name = self._save(name, content)
  File "/usr/local/lib/python3.10/site-packages/django/core/files/storage.py", line 309, in _save
    file_move_safe(content.temporary_file_path(), full_path)
  File "/usr/local/lib/python3.10/site-packages/django/core/files/move.py", line 44, in file_move_safe
    if _samefile(old_file_name, new_file_name):
  File "/usr/local/lib/python3.10/site-packages/django/core/files/move.py", line 21, in _samefile
    return os.path.samefile(src, dst)
  File "/usr/local/lib/python3.10/genericpath.py", line 101, in samefile
    s2 = os.stat(f2)
UnicodeEncodeError: 'ascii' codec can't encode character '\xf3' in position 23: ordinal not in range(128)
[ERROR] 02/Apr/2026 05:24:44 - Internal Server Error: /scan/create/7
Traceback (most recent call last):
  File "/usr/local/lib/python3.10/site-packages/django/core/handlers/exception.py", line 56, in inner
    response = get_response(request)
  File "/usr/local/lib/python3.10/site-packages/django/core/handlers/base.py", line 197, in _get_response
    response = wrapped_callback(request, *callback_args, **callback_kwargs)
  File "/usr/local/lib/python3.10/contextlib.py", line 79, in inner
    return func(*args, **kwds)
  File "/usr/local/lib/python3.10/site-packages/django/contrib/auth/decorators.py", line 23, in _wrapped_view
    return view_func(request, *args, **kwargs)
  File "/app/./app/views.py", line 181, in create_scan
    scan.save()
  File "/usr/local/lib/python3.10/site-packages/django/db/models/base.py", line 812, in save
    self.save_base(
  File "/usr/local/lib/python3.10/site-packages/django/db/models/base.py", line 863, in save_base
    updated = self._save_table(
  File "/usr/local/lib/python3.10/site-packages/django/db/models/base.py", line 1006, in _save_table
    results = self._do_insert(
  File "/usr/local/lib/python3.10/site-packages/django/db/models/base.py", line 1047, in _do_insert
    return manager._insert(
  File "/usr/local/lib/python3.10/site-packages/django/db/models/manager.py", line 85, in manager_method
    return getattr(self.get_queryset(), name)(*args, **kwargs)
  File "/usr/local/lib/python3.10/site-packages/django/db/models/query.py", line 1791, in _insert
    return query.get_compiler(using=using).execute_sql(returning_fields)
  File "/usr/local/lib/python3.10/site-packages/django/db/models/sql/compiler.py", line 1659, in execute_sql
    for sql, params in self.as_sql():
  File "/usr/local/lib/python3.10/site-packages/django/db/models/sql/compiler.py", line 1583, in as_sql
    value_rows = [
  File "/usr/local/lib/python3.10/site-packages/django/db/models/sql/compiler.py", line 1584, in <listcomp>
    [
  File "/usr/local/lib/python3.10/site-packages/django/db/models/sql/compiler.py", line 1585, in <listcomp>
    self.prepare_value(field, self.pre_save_val(field, obj))
  File "/usr/local/lib/python3.10/site-packages/django/db/models/sql/compiler.py", line 1533, in pre_save_val
    return field.pre_save(obj, add=True)
  File "/usr/local/lib/python3.10/site-packages/django/db/models/fields/files.py", line 315, in pre_save
    file.save(file.name, file.file, save=False)
  File "/usr/local/lib/python3.10/site-packages/django/db/models/fields/files.py", line 92, in save
    self.name = self.storage.save(name, content, max_length=self.field.max_length)
  File "/usr/local/lib/python3.10/site-packages/django/core/files/storage.py", line 56, in save
    name = self._save(name, content)
  File "/usr/local/lib/python3.10/site-packages/django/core/files/storage.py", line 309, in _save
    file_move_safe(content.temporary_file_path(), full_path)
  File "/usr/local/lib/python3.10/site-packages/django/core/files/move.py", line 44, in file_move_safe
    if _samefile(old_file_name, new_file_name):
  File "/usr/local/lib/python3.10/site-packages/django/core/files/move.py", line 21, in _samefile
    return os.path.samefile(src, dst)
  File "/usr/local/lib/python3.10/genericpath.py", line 101, in samefile
    s2 = os.stat(f2)
UnicodeEncodeError: 'ascii' codec can't encode character '\xf3' in position 23: ordinal not in range(128)
[ERROR] 02/Apr/2026 05:24:49 - Internal Server Error: /scan/create/7
Traceback (most recent call last):
  File "/usr/local/lib/python3.10/site-packages/django/core/handlers/exception.py", line 56, in inner
    response = get_response(request)
  File "/usr/local/lib/python3.10/site-packages/django/core/handlers/base.py", line 197, in _get_response
    response = wrapped_callback(request, *callback_args, **callback_kwargs)
  File "/usr/local/lib/python3.10/contextlib.py", line 79, in inner
    return func(*args, **kwds)
  File "/usr/local/lib/python3.10/site-packages/django/contrib/auth/decorators.py", line 23, in _wrapped_view
    return view_func(request, *args, **kwargs)
  File "/app/./app/views.py", line 181, in create_scan
    scan.save()
  File "/usr/local/lib/python3.10/site-packages/django/db/models/base.py", line 812, in save
    self.save_base(
  File "/usr/local/lib/python3.10/site-packages/django/db/models/base.py", line 863, in save_base
    updated = self._save_table(
  File "/usr/local/lib/python3.10/site-packages/django/db/models/base.py", line 1006, in _save_table
    results = self._do_insert(
  File "/usr/local/lib/python3.10/site-packages/django/db/models/base.py", line 1047, in _do_insert
    return manager._insert(
  File "/usr/local/lib/python3.10/site-packages/django/db/models/manager.py", line 85, in manager_method
    return getattr(self.get_queryset(), name)(*args, **kwargs)
  File "/usr/local/lib/python3.10/site-packages/django/db/models/query.py", line 1791, in _insert
    return query.get_compiler(using=using).execute_sql(returning_fields)
  File "/usr/local/lib/python3.10/site-packages/django/db/models/sql/compiler.py", line 1659, in execute_sql
    for sql, params in self.as_sql():
  File "/usr/local/lib/python3.10/site-packages/django/db/models/sql/compiler.py", line 1583, in as_sql
    value_rows = [
  File "/usr/local/lib/python3.10/site-packages/django/db/models/sql/compiler.py", line 1584, in <listcomp>
    [
  File "/usr/local/lib/python3.10/site-packages/django/db/models/sql/compiler.py", line 1585, in <listcomp>
    self.prepare_value(field, self.pre_save_val(field, obj))
  File "/usr/local/lib/python3.10/site-packages/django/db/models/sql/compiler.py", line 1533, in pre_save_val
    return field.pre_save(obj, add=True)
  File "/usr/local/lib/python3.10/site-packages/django/db/models/fields/files.py", line 315, in pre_save
    file.save(file.name, file.file, save=False)
  File "/usr/local/lib/python3.10/site-packages/django/db/models/fields/files.py", line 92, in save
    self.name = self.storage.save(name, content, max_length=self.field.max_length)
  File "/usr/local/lib/python3.10/site-packages/django/core/files/storage.py", line 56, in save
    name = self._save(name, content)
  File "/usr/local/lib/python3.10/site-packages/django/core/files/storage.py", line 309, in _save
    file_move_safe(content.temporary_file_path(), full_path)
  File "/usr/local/lib/python3.10/site-packages/django/core/files/move.py", line 44, in file_move_safe
    if _samefile(old_file_name, new_file_name):
  File "/usr/local/lib/python3.10/site-packages/django/core/files/move.py", line 21, in _samefile
    return os.path.samefile(src, dst)
  File "/usr/local/lib/python3.10/genericpath.py", line 101, in samefile
    s2 = os.stat(f2)
UnicodeEncodeError: 'ascii' codec can't encode character '\xf3' in position 23: ordinal not in range(128)
[ERROR] 02/Apr/2026 05:36:01 - Internal Server Error: /scan/create/7
Traceback (most recent call last):
  File "/usr/local/lib/python3.10/site-packages/django/core/handlers/exception.py", line 56, in inner
    response = get_response(request)
  File "/usr/local/lib/python3.10/site-packages/django/core/handlers/base.py", line 197, in _get_response
    response = wrapped_callback(request, *callback_args, **callback_kwargs)
  File "/usr/local/lib/python3.10/contextlib.py", line 79, in inner
    return func(*args, **kwds)
  File "/usr/local/lib/python3.10/site-packages/django/contrib/auth/decorators.py", line 23, in _wrapped_view
    return view_func(request, *args, **kwargs)
  File "/app/./app/views.py", line 181, in create_scan
    scan.save()
  File "/usr/local/lib/python3.10/site-packages/django/db/models/base.py", line 812, in save
    self.save_base(
  File "/usr/local/lib/python3.10/site-packages/django/db/models/base.py", line 863, in save_base
    updated = self._save_table(
  File "/usr/local/lib/python3.10/site-packages/django/db/models/base.py", line 1006, in _save_table
    results = self._do_insert(
  File "/usr/local/lib/python3.10/site-packages/django/db/models/base.py", line 1047, in _do_insert
    return manager._insert(
  File "/usr/local/lib/python3.10/site-packages/django/db/models/manager.py", line 85, in manager_method
    return getattr(self.get_queryset(), name)(*args, **kwargs)
  File "/usr/local/lib/python3.10/site-packages/django/db/models/query.py", line 1791, in _insert
    return query.get_compiler(using=using).execute_sql(returning_fields)
  File "/usr/local/lib/python3.10/site-packages/django/db/models/sql/compiler.py", line 1659, in execute_sql
    for sql, params in self.as_sql():
  File "/usr/local/lib/python3.10/site-packages/django/db/models/sql/compiler.py", line 1583, in as_sql
    value_rows = [
  File "/usr/local/lib/python3.10/site-packages/django/db/models/sql/compiler.py", line 1584, in <listcomp>
    [
  File "/usr/local/lib/python3.10/site-packages/django/db/models/sql/compiler.py", line 1585, in <listcomp>
    self.prepare_value(field, self.pre_save_val(field, obj))
  File "/usr/local/lib/python3.10/site-packages/django/db/models/sql/compiler.py", line 1533, in pre_save_val
    return field.pre_save(obj, add=True)
  File "/usr/local/lib/python3.10/site-packages/django/db/models/fields/files.py", line 315, in pre_save
    file.save(file.name, file.file, save=False)
  File "/usr/local/lib/python3.10/site-packages/django/db/models/fields/files.py", line 92, in save
    self.name = self.storage.save(name, content, max_length=self.field.max_length)
  File "/usr/local/lib/python3.10/site-packages/django/core/files/storage.py", line 56, in save
    name = self._save(name, content)
  File "/usr/local/lib/python3.10/site-packages/django/core/files/storage.py", line 309, in _save
    file_move_safe(content.temporary_file_path(), full_path)
  File "/usr/local/lib/python3.10/site-packages/django/core/files/move.py", line 44, in file_move_safe
    if _samefile(old_file_name, new_file_name):
  File "/usr/local/lib/python3.10/site-packages/django/core/files/move.py", line 21, in _samefile
    return os.path.samefile(src, dst)
  File "/usr/local/lib/python3.10/genericpath.py", line 101, in samefile
    s2 = os.stat(f2)
UnicodeEncodeError: 'ascii' codec can't encode character '\xf3' in position 23: ordinal not in range(128)
[ERROR] 02/Apr/2026 05:36:05 - Internal Server Error: /scan/create/7
Traceback (most recent call last):
  File "/usr/local/lib/python3.10/site-packages/django/core/handlers/exception.py", line 56, in inner
    response = get_response(request)
  File "/usr/local/lib/python3.10/site-packages/django/core/handlers/base.py", line 197, in _get_response
    response = wrapped_callback(request, *callback_args, **callback_kwargs)
  File "/usr/local/lib/python3.10/contextlib.py", line 79, in inner
    return func(*args, **kwds)
  File "/usr/local/lib/python3.10/site-packages/django/contrib/auth/decorators.py", line 23, in _wrapped_view
    return view_func(request, *args, **kwargs)
  File "/app/./app/views.py", line 181, in create_scan
    scan.save()
  File "/usr/local/lib/python3.10/site-packages/django/db/models/base.py", line 812, in save
    self.save_base(
  File "/usr/local/lib/python3.10/site-packages/django/db/models/base.py", line 863, in save_base
    updated = self._save_table(
  File "/usr/local/lib/python3.10/site-packages/django/db/models/base.py", line 1006, in _save_table
    results = self._do_insert(
  File "/usr/local/lib/python3.10/site-packages/django/db/models/base.py", line 1047, in _do_insert
    return manager._insert(
  File "/usr/local/lib/python3.10/site-packages/django/db/models/manager.py", line 85, in manager_method
    return getattr(self.get_queryset(), name)(*args, **kwargs)
  File "/usr/local/lib/python3.10/site-packages/django/db/models/query.py", line 1791, in _insert
    return query.get_compiler(using=using).execute_sql(returning_fields)
  File "/usr/local/lib/python3.10/site-packages/django/db/models/sql/compiler.py", line 1659, in execute_sql
    for sql, params in self.as_sql():
  File "/usr/local/lib/python3.10/site-packages/django/db/models/sql/compiler.py", line 1583, in as_sql
    value_rows = [
  File "/usr/local/lib/python3.10/site-packages/django/db/models/sql/compiler.py", line 1584, in <listcomp>
    [
  File "/usr/local/lib/python3.10/site-packages/django/db/models/sql/compiler.py", line 1585, in <listcomp>
    self.prepare_value(field, self.pre_save_val(field, obj))
  File "/usr/local/lib/python3.10/site-packages/django/db/models/sql/compiler.py", line 1533, in pre_save_val
    return field.pre_save(obj, add=True)
  File "/usr/local/lib/python3.10/site-packages/django/db/models/fields/files.py", line 315, in pre_save
    file.save(file.name, file.file, save=False)
  File "/usr/local/lib/python3.10/site-packages/django/db/models/fields/files.py", line 92, in save
    self.name = self.storage.save(name, content, max_length=self.field.max_length)
  File "/usr/local/lib/python3.10/site-packages/django/core/files/storage.py", line 56, in save
    name = self._save(name, content)
  File "/usr/local/lib/python3.10/site-packages/django/core/files/storage.py", line 309, in _save
    file_move_safe(content.temporary_file_path(), full_path)
  File "/usr/local/lib/python3.10/site-packages/django/core/files/move.py", line 44, in file_move_safe
    if _samefile(old_file_name, new_file_name):
  File "/usr/local/lib/python3.10/site-packages/django/core/files/move.py", line 21, in _samefile
    return os.path.samefile(src, dst)
  File "/usr/local/lib/python3.10/genericpath.py", line 101, in samefile
    s2 = os.stat(f2)
UnicodeEncodeError: 'ascii' codec can't encode character '\xf3' in position 23: ordinal not in range(128)
[ERROR] 02/Apr/2026 05:36:30 - Internal Server Error: /scan/create/7
Traceback (most recent call last):
  File "/usr/local/lib/python3.10/site-packages/django/core/handlers/exception.py", line 56, in inner
    response = get_response(request)
  File "/usr/local/lib/python3.10/site-packages/django/core/handlers/base.py", line 197, in _get_response
    response = wrapped_callback(request, *callback_args, **callback_kwargs)
  File "/usr/local/lib/python3.10/contextlib.py", line 79, in inner
    return func(*args, **kwds)
  File "/usr/local/lib/python3.10/site-packages/django/contrib/auth/decorators.py", line 23, in _wrapped_view
    return view_func(request, *args, **kwargs)
  File "/app/./app/views.py", line 181, in create_scan
    scan.save()
  File "/usr/local/lib/python3.10/site-packages/django/db/models/base.py", line 812, in save
    self.save_base(
  File "/usr/local/lib/python3.10/site-packages/django/db/models/base.py", line 863, in save_base
    updated = self._save_table(
  File "/usr/local/lib/python3.10/site-packages/django/db/models/base.py", line 1006, in _save_table
    results = self._do_insert(
  File "/usr/local/lib/python3.10/site-packages/django/db/models/base.py", line 1047, in _do_insert
    return manager._insert(
  File "/usr/local/lib/python3.10/site-packages/django/db/models/manager.py", line 85, in manager_method
    return getattr(self.get_queryset(), name)(*args, **kwargs)
  File "/usr/local/lib/python3.10/site-packages/django/db/models/query.py", line 1791, in _insert
    return query.get_compiler(using=using).execute_sql(returning_fields)
  File "/usr/local/lib/python3.10/site-packages/django/db/models/sql/compiler.py", line 1659, in execute_sql
    for sql, params in self.as_sql():
  File "/usr/local/lib/python3.10/site-packages/django/db/models/sql/compiler.py", line 1583, in as_sql
    value_rows = [
  File "/usr/local/lib/python3.10/site-packages/django/db/models/sql/compiler.py", line 1584, in <listcomp>
    [
  File "/usr/local/lib/python3.10/site-packages/django/db/models/sql/compiler.py", line 1585, in <listcomp>
    self.prepare_value(field, self.pre_save_val(field, obj))
  File "/usr/local/lib/python3.10/site-packages/django/db/models/sql/compiler.py", line 1533, in pre_save_val
    return field.pre_save(obj, add=True)
  File "/usr/local/lib/python3.10/site-packages/django/db/models/fields/files.py", line 315, in pre_save
    file.save(file.name, file.file, save=False)
  File "/usr/local/lib/python3.10/site-packages/django/db/models/fields/files.py", line 92, in save
    self.name = self.storage.save(name, content, max_length=self.field.max_length)
  File "/usr/local/lib/python3.10/site-packages/django/core/files/storage.py", line 56, in save
    name = self._save(name, content)
  File "/usr/local/lib/python3.10/site-packages/django/core/files/storage.py", line 309, in _save
    file_move_safe(content.temporary_file_path(), full_path)
  File "/usr/local/lib/python3.10/site-packages/django/core/files/move.py", line 44, in file_move_safe
    if _samefile(old_file_name, new_file_name):
  File "/usr/local/lib/python3.10/site-packages/django/core/files/move.py", line 21, in _samefile
    return os.path.samefile(src, dst)
  File "/usr/local/lib/python3.10/genericpath.py", line 101, in samefile
    s2 = os.stat(f2)
UnicodeEncodeError: 'ascii' codec can't encode character '\xf3' in position 23: ordinal not in range(128)
[ERROR] 02/Apr/2026 05:36:54 - Internal Server Error: /scan/create/7
Traceback (most recent call last):
  File "/usr/local/lib/python3.10/site-packages/django/core/handlers/exception.py", line 56, in inner
    response = get_response(request)
  File "/usr/local/lib/python3.10/site-packages/django/core/handlers/base.py", line 197, in _get_response
    response = wrapped_callback(request, *callback_args, **callback_kwargs)
  File "/usr/local/lib/python3.10/contextlib.py", line 79, in inner
    return func(*args, **kwds)
  File "/usr/local/lib/python3.10/site-packages/django/contrib/auth/decorators.py", line 23, in _wrapped_view
    return view_func(request, *args, **kwargs)
  File "/app/./app/views.py", line 181, in create_scan
    scan.save()
  File "/usr/local/lib/python3.10/site-packages/django/db/models/base.py", line 812, in save
    self.save_base(
  File "/usr/local/lib/python3.10/site-packages/django/db/models/base.py", line 863, in save_base
    updated = self._save_table(
  File "/usr/local/lib/python3.10/site-packages/django/db/models/base.py", line 1006, in _save_table
    results = self._do_insert(
  File "/usr/local/lib/python3.10/site-packages/django/db/models/base.py", line 1047, in _do_insert
    return manager._insert(
  File "/usr/local/lib/python3.10/site-packages/django/db/models/manager.py", line 85, in manager_method
    return getattr(self.get_queryset(), name)(*args, **kwargs)
  File "/usr/local/lib/python3.10/site-packages/django/db/models/query.py", line 1791, in _insert
    return query.get_compiler(using=using).execute_sql(returning_fields)
  File "/usr/local/lib/python3.10/site-packages/django/db/models/sql/compiler.py", line 1659, in execute_sql
    for sql, params in self.as_sql():
  File "/usr/local/lib/python3.10/site-packages/django/db/models/sql/compiler.py", line 1583, in as_sql
    value_rows = [
  File "/usr/local/lib/python3.10/site-packages/django/db/models/sql/compiler.py", line 1584, in <listcomp>
    [
  File "/usr/local/lib/python3.10/site-packages/django/db/models/sql/compiler.py", line 1585, in <listcomp>
    self.prepare_value(field, self.pre_save_val(field, obj))
  File "/usr/local/lib/python3.10/site-packages/django/db/models/sql/compiler.py", line 1533, in pre_save_val
    return field.pre_save(obj, add=True)
  File "/usr/local/lib/python3.10/site-packages/django/db/models/fields/files.py", line 315, in pre_save
    file.save(file.name, file.file, save=False)
  File "/usr/local/lib/python3.10/site-packages/django/db/models/fields/files.py", line 92, in save
    self.name = self.storage.save(name, content, max_length=self.field.max_length)
  File "/usr/local/lib/python3.10/site-packages/django/core/files/storage.py", line 56, in save
    name = self._save(name, content)
  File "/usr/local/lib/python3.10/site-packages/django/core/files/storage.py", line 309, in _save
    file_move_safe(content.temporary_file_path(), full_path)
  File "/usr/local/lib/python3.10/site-packages/django/core/files/move.py", line 44, in file_move_safe
    if _samefile(old_file_name, new_file_name):
  File "/usr/local/lib/python3.10/site-packages/django/core/files/move.py", line 21, in _samefile
    return os.path.samefile(src, dst)
  File "/usr/local/lib/python3.10/genericpath.py", line 101, in samefile
    s2 = os.stat(f2)
UnicodeEncodeError: 'ascii' codec can't encode character '\xf3' in position 23: ordinal not in range(128)
[ERROR] 02/Apr/2026 05:37:39 - Internal Server Error: /scan/create/7
Traceback (most recent call last):
  File "/usr/local/lib/python3.10/site-packages/django/core/handlers/exception.py", line 56, in inner
    response = get_response(request)
  File "/usr/local/lib/python3.10/site-packages/django/core/handlers/base.py", line 197, in _get_response
    response = wrapped_callback(request, *callback_args, **callback_kwargs)
  File "/usr/local/lib/python3.10/contextlib.py", line 79, in inner
    return func(*args, **kwds)
  File "/usr/local/lib/python3.10/site-packages/django/contrib/auth/decorators.py", line 23, in _wrapped_view
    return view_func(request, *args, **kwargs)
  File "/app/./app/views.py", line 181, in create_scan
    scan.save()
  File "/usr/local/lib/python3.10/site-packages/django/db/models/base.py", line 812, in save
    self.save_base(
  File "/usr/local/lib/python3.10/site-packages/django/db/models/base.py", line 863, in save_base
    updated = self._save_table(
  File "/usr/local/lib/python3.10/site-packages/django/db/models/base.py", line 1006, in _save_table
    results = self._do_insert(
  File "/usr/local/lib/python3.10/site-packages/django/db/models/base.py", line 1047, in _do_insert
    return manager._insert(
  File "/usr/local/lib/python3.10/site-packages/django/db/models/manager.py", line 85, in manager_method
    return getattr(self.get_queryset(), name)(*args, **kwargs)
  File "/usr/local/lib/python3.10/site-packages/django/db/models/query.py", line 1791, in _insert
    return query.get_compiler(using=using).execute_sql(returning_fields)
  File "/usr/local/lib/python3.10/site-packages/django/db/models/sql/compiler.py", line 1659, in execute_sql
    for sql, params in self.as_sql():
  File "/usr/local/lib/python3.10/site-packages/django/db/models/sql/compiler.py", line 1583, in as_sql
    value_rows = [
  File "/usr/local/lib/python3.10/site-packages/django/db/models/sql/compiler.py", line 1584, in <listcomp>
    [
  File "/usr/local/lib/python3.10/site-packages/django/db/models/sql/compiler.py", line 1585, in <listcomp>
    self.prepare_value(field, self.pre_save_val(field, obj))
  File "/usr/local/lib/python3.10/site-packages/django/db/models/sql/compiler.py", line 1533, in pre_save_val
    return field.pre_save(obj, add=True)
  File "/usr/local/lib/python3.10/site-packages/django/db/models/fields/files.py", line 315, in pre_save
    file.save(file.name, file.file, save=False)
  File "/usr/local/lib/python3.10/site-packages/django/db/models/fields/files.py", line 92, in save
    self.name = self.storage.save(name, content, max_length=self.field.max_length)
  File "/usr/local/lib/python3.10/site-packages/django/core/files/storage.py", line 56, in save
    name = self._save(name, content)
  File "/usr/local/lib/python3.10/site-packages/django/core/files/storage.py", line 309, in _save
    file_move_safe(content.temporary_file_path(), full_path)
  File "/usr/local/lib/python3.10/site-packages/django/core/files/move.py", line 44, in file_move_safe
    if _samefile(old_file_name, new_file_name):
  File "/usr/local/lib/python3.10/site-packages/django/core/files/move.py", line 21, in _samefile
    return os.path.samefile(src, dst)
  File "/usr/local/lib/python3.10/genericpath.py", line 101, in samefile
    s2 = os.stat(f2)
UnicodeEncodeError: 'ascii' codec can't encode character '\xf3' in position 23: ordinal not in range(128)
[WARNING] 02/Apr/2026 05:57:55 - Not Found: /finding
[WARNING] 02/Apr/2026 05:57:57 - Not Found: /finding
